2026-05-11T18:18:17.555823 | fix_char_reading | {"type": "fix_char_reading", "char": "潛", "old_reading": "", "old_dict_key": "", "new_reading": "ㄔㄤˊ", "new_dict_key": "ㄔㄤ2", "reason": "建議讀音", "agreed_at": "2026-05-11T10:17:20.551Z", "source_kvKey": "1778494616269_qhgp"}
2026-05-11T18:18:17.555823 | remove_word | {"type": "remove_word", "word": "口到", "reason": "極度冷僻", "agreed_at": "2026-05-11T07:53:12.415Z", "source_kvKey": "1778485886940_ulj1"}
2026-05-11T18:18:17.555823 | remove_word | {"type": "remove_word", "word": "牛腰", "reason": "極度冷僻", "agreed_at": "2026-05-11T07:51:53.473Z", "source_kvKey": "1778485878741_3xa2"}
2026-05-11T18:18:17.555823 | remove_word | {"type": "remove_word", "word": "奏草", "reason": "極度冷僻", "agreed_at": "2026-05-11T07:51:57.520Z", "source_kvKey": "1778485873069_8d34"}
2026-05-11T18:18:17.555823 | remove_word | {"type": "remove_word", "word": "魔堡", "reason": "極度冷僻", "agreed_at": "2026-05-11T07:51:58.429Z", "source_kvKey": "1778485820959_pgw8"}
2026-05-11T18:18:17.555823 | remove_word | {"type": "remove_word", "word": "波導", "reason": "極度冷僻", "agreed_at": "2026-05-11T07:52:00.088Z", "source_kvKey": "1778485817503_swdg"}
2026-05-11T18:18:17.555823 | remove_word | {"type": "remove_word", "word": "柔條", "reason": "極度冷僻", "agreed_at": "2026-05-11T07:52:00.946Z", "source_kvKey": "1778485810941_9qe3"}
2026-05-11T18:18:17.555823 | remove_word | {"type": "remove_word", "word": "鬥巧", "reason": "極度冷僻", "agreed_at": "2026-05-11T07:52:03.660Z", "source_kvKey": "1778485805128_7kyf"}
2026-05-11T18:18:17.555823 | remove_word | {"type": "remove_word", "word": "堪為", "reason": "極度冷僻", "agreed_at": "2026-05-11T07:52:04.728Z", "source_kvKey": "1778485143732_c2uz"}
2026-05-11T18:18:17.555823 | hide_word | {"type": "hide_word", "word": "團圍", "reason": "極度冷僻", "agreed_at": "2026-05-11T07:53:09.529Z", "source_kvKey": "1778485132304_xrfo"}
2026-05-11T18:18:17.555823 | fix_word_reading | {"type": "fix_word_reading", "word": "賄絡", "new_z": "ㄏㄨㄟˋ ㄌㄨㄛˋ", "reason": "建議讀音", "agreed_at": "2026-05-11T08:45:29.672Z", "source_kvKey": "1778484534096_rq6p"}
2026-05-11T18:18:17.555823 | remove_word | {"type": "remove_word", "word": "胡虜", "reason": "極度冷僻", "agreed_at": "2026-05-11T07:53:08.007Z", "source_kvKey": "1778484503147_m2hi"}
2026-05-11T18:18:17.555823 | remove_word | {"type": "remove_word", "word": "貨郎", "reason": "極度冷僻", "agreed_at": "2026-05-11T07:52:30.350Z", "source_kvKey": "1778484494172_mkc2"}
2026-05-11T18:18:17.555823 | remove_word | {"type": "remove_word", "word": "油樣", "reason": "押韻錯誤", "agreed_at": "2026-05-11T07:52:34.206Z", "source_kvKey": "1778483065997_sq32"}
2026-05-11T18:18:17.555823 | remove_word | {"type": "remove_word", "word": "魔障", "reason": "極度冷僻", "agreed_at": "2026-05-11T07:52:35.148Z", "source_kvKey": "1778483025215_sq0n"}
2026-05-11T18:18:17.555823 | remove_word | {"type": "remove_word", "word": "繡匠", "reason": "極度冷僻", "agreed_at": "2026-05-11T07:52:36.160Z", "source_kvKey": "1778483011739_4p99"}
2026-05-11T18:18:17.555823 | remove_word | {"type": "remove_word", "word": "螺槳", "reason": "詞不存在", "agreed_at": "2026-05-11T07:52:40.870Z", "source_kvKey": "1778482997264_kcj7"}
2026-05-11T18:18:17.555823 | remove_word | {"type": "remove_word", "word": "周偉航", "reason": "極度冷僻", "agreed_at": "2026-05-11T07:52:42.259Z", "source_kvKey": "1778449696383_2ava"}
2026-05-11T18:18:17.555823 | remove_word | {"type": "remove_word", "word": "馬德望", "reason": "詞不存在", "agreed_at": "2026-05-11T07:52:44.009Z", "source_kvKey": "1778446331160_2vw1"}
2026-05-11T18:18:17.555823 | remove_word | {"type": "remove_word", "word": "煩擾", "reason": "重複出現", "agreed_at": "2026-05-11T07:52:47.888Z", "source_kvKey": "1778446233520_1smo"}
2026-05-11T18:18:17.555823 | remove_word | {"type": "remove_word", "word": "测一下", "reason": "重複出現", "agreed_at": "2026-05-10T21:46:30.781Z", "source_kvKey": "1778437023566_nu75"}
2026-05-11T18:18:17.555823 | remove_word | {"type": "remove_word", "word": "後奏", "reason": "詞不存在", "agreed_at": "2026-05-11T07:53:01.165Z", "source_kvKey": "1778430357654_k1hm"}
